ELF Header:
  Magic:   7f 45 4c 46 00 01 01 00 00 00 00 00 00 00 00 00 
  Class:                             none
  Data:                              2's complement, little endian
  Version:                           1 (current)
  OS/ABI:                            UNIX - System V
  ABI Version:                       0
  Type:                              DYN (Shared object file)
  Machine:                           Advanced Micro Devices X86-64
  Version:                           0x1
  Entry point address:               0x1070
  Start of program headers:          0 (bytes into file)
  Start of section headers:          64 (bytes into file)
  Flags:                             0x0
  Size of this header:               14544 (bytes)
  Size of program headers:           0 (bytes)
  Number of program headers:         0
  Size of section headers:           0 (bytes)
  Number of section headers:         0
  Section header string table index: 0
