ELF Header:
  Magic:   7f 45 4c 46 02 02 01 00 00 00 00 00 00 00 00 00 
  Class:                             ELF64
  Data:                              2's complement, big endian
  Version:                           1 (current)
  OS/ABI:                            UNIX - System V
  ABI Version:                       0
  Type:                              <unknown>: 300
  Machine:                           <unknown>: 0x3e00
  Version:                           0x1000000
  Entry point address:               0x7010000000000000
  Start of program headers:          4611686018427387904 (bytes into file)
  Start of section headers:          -3443001915124744192 (bytes into file)
  Flags:                             0x0
  Size of this header:               16384 (bytes)
  Size of program headers:           14336 (bytes)
  Number of program headers:         3328
  Size of section headers:           16384 (bytes)
  Number of section headers:         7680
  Section header string table index: 7424
