
Elf file type is EXEC (Executable file)
Entry point 0x401050
There are 13 program headers, starting at offset 64

Program Headers:
  Type           Offset   VirtAddr           PhysAddr           FileSiz  MemSiz   Flg Align
  PHDR           0x000040 0x0000000000400040 0x0000000000400040 0x0002d8 0x0002d8 R   0x8
  INTERP         0x000318 0x0000000000400318 0x0000000000400318 0x00001c 0x00001c R   0x1
      [Requesting program interpreter: /lib64/ld-linux-x86-64.so.2]
  LOAD           0x000000 0x0000000000400000 0x0000000000400000 0x000488 0x000488 R   0x1000
  LOAD           0x001000 0x0000000000401000 0x0000000000401000 0x000229 0x000229 R E 0x1000
  LOAD           0x002000 0x0000000000402000 0x0000000000402000 0x0001c8 0x0001c8 R   0x1000
  LOAD           0x002df8 0x0000000000403df8 0x0000000000403df8 0x000234 0x000240 RW  0x1000
  DYNAMIC        0x002e08 0x0000000000403e08 0x0000000000403e08 0x0001d0 0x0001d0 RW  0x8
  NOTE           0x002178 0x0000000000402178 0x0000000000402178 0x000030 0x000030 R   0x8
  NOTE           0x0021a8 0x00000000004021a8 0x00000000004021a8 0x000020 0x000020 R   0x4
  GNU_PROPERTY   0x002178 0x0000000000402178 0x0000000000402178 0x000030 0x000030 R   0x8
  GNU_EH_FRAME   0x002020 0x0000000000402020 0x0000000000402020 0x00004c 0x00004c R   0x4
  GNU_STACK      0x000000 0x0000000000000000 0x0000000000000000 0x000000 0x000000 RW  0x10
  GNU_RELRO      0x002df8 0x0000000000403df8 0x0000000000403df8 0x000208 0x000208 R   0x1

 Section to Segment mapping:
  Segment Sections...
   00     
   01     .interp 
   02     .interp .gnu.hash .dynsym .dynstr .gnu.version .gnu.version_r .rela.dyn .rela.plt 
   03     .init .plt .plt.sec .text .fini 
   04     .rodata .eh_frame_hdr .eh_frame .note.gnu.property .note.ABI-tag 
   05     .init_array .fini_array .dynamic .got .got.plt .data .bss 
   06     .dynamic 
   07     .note.gnu.property 
   08     .note.ABI-tag 
   09     .note.gnu.property 
   10     .eh_frame_hdr 
   11     
   12     .init_array .fini_array .dynamic .got 
